// Jest Snapshot v1, https://goo.gl/fbAQLP

exports[`Countries Should match render snapshot 1`] = `
Object {
  "asFragment": [Function],
  "baseElement": <body>
    <div>
      <div
        class="container "
      >
        <div
          class="row "
        >
          <section
            class="search"
          >
            <input
              class="searchInput"
              id="search"
              name="search"
              placeholder="Search for a country"
              type="search"
              value=""
            />
          </section>
        </div>
      </div>
      <div
        class="container"
      >
        <span
          class="message"
        >
          No country was found
        </span>
        
      </div>
      <nav>
        <ul
          class="pagination"
        />
      </nav>
    </div>
  </body>,
  "container": <div>
    <div
      class="container "
    >
      <div
        class="row "
      >
        <section
          class="search"
        >
          <input
            class="searchInput"
            id="search"
            name="search"
            placeholder="Search for a country"
            type="search"
            value=""
          />
        </section>
      </div>
    </div>
    <div
      class="container"
    >
      <span
        class="message"
      >
        No country was found
      </span>
      
    </div>
    <nav>
      <ul
        class="pagination"
      />
    </nav>
  </div>,
  "debug": [Function],
  "findAllByAltText": [Function],
  "findAllByDisplayValue": [Function],
  "findAllByLabelText": [Function],
  "findAllByPlaceholderText": [Function],
  "findAllByRole": [Function],
  "findAllByTestId": [Function],
  "findAllByText": [Function],
  "findAllByTitle": [Function],
  "findByAltText": [Function],
  "findByDisplayValue": [Function],
  "findByLabelText": [Function],
  "findByPlaceholderText": [Function],
  "findByRole": [Function],
  "findByTestId": [Function],
  "findByText": [Function],
  "findByTitle": [Function],
  "getAllByAltText": [Function],
  "getAllByDisplayValue": [Function],
  "getAllByLabelText": [Function],
  "getAllByPlaceholderText": [Function],
  "getAllByRole": [Function],
  "getAllByTestId": [Function],
  "getAllByText": [Function],
  "getAllByTitle": [Function],
  "getByAltText": [Function],
  "getByDisplayValue": [Function],
  "getByLabelText": [Function],
  "getByPlaceholderText": [Function],
  "getByRole": [Function],
  "getByTestId": [Function],
  "getByText": [Function],
  "getByTitle": [Function],
  "queryAllByAltText": [Function],
  "queryAllByDisplayValue": [Function],
  "queryAllByLabelText": [Function],
  "queryAllByPlaceholderText": [Function],
  "queryAllByRole": [Function],
  "queryAllByTestId": [Function],
  "queryAllByText": [Function],
  "queryAllByTitle": [Function],
  "queryByAltText": [Function],
  "queryByDisplayValue": [Function],
  "queryByLabelText": [Function],
  "queryByPlaceholderText": [Function],
  "queryByRole": [Function],
  "queryByTestId": [Function],
  "queryByText": [Function],
  "queryByTitle": [Function],
  "rerender": [Function],
  "unmount": [Function],
}
`;

exports[`Countries snapshot Should match render snapshot 1`] = `
Object {
  "asFragment": [Function],
  "baseElement": <body>
    <div>
      <div
        class="container "
      >
        <div
          class="row "
        >
          <section
            class="search"
          >
            <input
              class="searchInput"
              id="search"
              name="search"
              placeholder="Search for a country"
              type="search"
              value=""
            />
          </section>
        </div>
      </div>
      <div
        class="container"
      >
        <span
          class="message"
        >
          No country was found
        </span>
        
      </div>
      <nav>
        <ul
          class="pagination"
        />
      </nav>
    </div>
  </body>,
  "container": <div>
    <div
      class="container "
    >
      <div
        class="row "
      >
        <section
          class="search"
        >
          <input
            class="searchInput"
            id="search"
            name="search"
            placeholder="Search for a country"
            type="search"
            value=""
          />
        </section>
      </div>
    </div>
    <div
      class="container"
    >
      <span
        class="message"
      >
        No country was found
      </span>
      
    </div>
    <nav>
      <ul
        class="pagination"
      />
    </nav>
  </div>,
  "debug": [Function],
  "findAllByAltText": [Function],
  "findAllByDisplayValue": [Function],
  "findAllByLabelText": [Function],
  "findAllByPlaceholderText": [Function],
  "findAllByRole": [Function],
  "findAllByTestId": [Function],
  "findAllByText": [Function],
  "findAllByTitle": [Function],
  "findByAltText": [Function],
  "findByDisplayValue": [Function],
  "findByLabelText": [Function],
  "findByPlaceholderText": [Function],
  "findByRole": [Function],
  "findByTestId": [Function],
  "findByText": [Function],
  "findByTitle": [Function],
  "getAllByAltText": [Function],
  "getAllByDisplayValue": [Function],
  "getAllByLabelText": [Function],
  "getAllByPlaceholderText": [Function],
  "getAllByRole": [Function],
  "getAllByTestId": [Function],
  "getAllByText": [Function],
  "getAllByTitle": [Function],
  "getByAltText": [Function],
  "getByDisplayValue": [Function],
  "getByLabelText": [Function],
  "getByPlaceholderText": [Function],
  "getByRole": [Function],
  "getByTestId": [Function],
  "getByText": [Function],
  "getByTitle": [Function],
  "queryAllByAltText": [Function],
  "queryAllByDisplayValue": [Function],
  "queryAllByLabelText": [Function],
  "queryAllByPlaceholderText": [Function],
  "queryAllByRole": [Function],
  "queryAllByTestId": [Function],
  "queryAllByText": [Function],
  "queryAllByTitle": [Function],
  "queryByAltText": [Function],
  "queryByDisplayValue": [Function],
  "queryByLabelText": [Function],
  "queryByPlaceholderText": [Function],
  "queryByRole": [Function],
  "queryByTestId": [Function],
  "queryByText": [Function],
  "queryByTitle": [Function],
  "rerender": [Function],
  "unmount": [Function],
}
`;
