// Jest Snapshot v1, https://goo.gl/fbAQLP

exports[`Header snapshot Should match render snapshot 1`] = `[Function]`;
